// Jest Snapshot v1, https://goo.gl/fbAQLP

exports[`Weather Form Should render weather form currectly 1`] = `
<div>
  <form
    class="w-full h-fit flex items-end gap-2 shadow border rounded-md p-4"
  >
    <div
      class="flex flex-col gap-2 w-full"
    >
      <label
        class="text-start"
        for="city-input"
      >
        City Name
      </label>
      <input
        class="h-10 bg-background px-3 ring-offset-background file:border-0 file:bg-transparent file:text-sm file:font-medium focus-visible:outline-none focus-visible:ring-2 focus-visible:ring-ring focus-visible:ring-offset-2 disabled:cursor-not-allowed disabled:opacity-50 peer block w-full rounded-md border border-gray-200 py-[9px] pl-4 text-sm outline-2 placeholder:text-gray-500"
        placeholder="City name..."
        type="search"
        value=""
      />
    </div>
    <button
      class="inline-flex items-center justify-center whitespace-nowrap rounded-md text-sm font-medium ring-offset-background transition-colors focus-visible:outline-none focus-visible:ring-2 focus-visible:ring-ring focus-visible:ring-offset-2 disabled:pointer-events-none disabled:opacity-50 bg-primary text-primary-foreground hover:bg-primary/90 h-10 px-4 py-2"
      type="submit"
    >
      <svg
        class="lucide lucide-search w-4 h-4 mr-2"
        fill="none"
        height="24"
        stroke="currentColor"
        stroke-linecap="round"
        stroke-linejoin="round"
        stroke-width="2"
        viewBox="0 0 24 24"
        width="24"
        xmlns="http://www.w3.org/2000/svg"
      >
        <circle
          cx="11"
          cy="11"
          r="8"
        />
        <path
          d="m21 21-4.3-4.3"
        />
      </svg>
      Search
    </button>
  </form>
</div>
`;
